13:08:26 **** Incremental Build of configuration Debug for project uart_test1_app ****
make all 
Building file: ../src/helloworld.c
Invoking: MicroBlaze gcc compiler
mb-gcc -Wall -O0 -g3 -c -fmessage-length=0 -MT"src/helloworld.o" -I/home/grzegorz/git/Workbench/FPGA/vitis/uart_test1/export/uart_test1/sw/uart_test1/standalone_domain/bspinclude/include -mlittle-endian -mcpu=v11.0 -mxl-soft-mul -Wl,--no-relax -ffunction-sections -fdata-sections -MMD -MP -MF"src/helloworld.d" -MT"src/helloworld.o" -o "src/helloworld.o" "../src/helloworld.c"
../src/helloworld.c: In function 'main':
../src/helloworld.c:33:9: warning: implicit declaration of function 'sleep' [-Wimplicit-function-declaration]
   33 |         sleep(1);
      |         ^~~~~
Finished building: ../src/helloworld.c
 
Building target: uart_test1_app.elf
Invoking: MicroBlaze gcc linker
mb-gcc -Wl,-T -Wl,../src/lscript.ld -L/home/grzegorz/git/Workbench/FPGA/vitis/uart_test1/export/uart_test1/sw/uart_test1/standalone_domain/bsplib/lib -mlittle-endian -mcpu=v11.0 -mxl-soft-mul -Wl,--no-relax -Wl,--gc-sections -o "uart_test1_app.elf" ./src/helloworld.o ./src/platform.o   -Wl,--start-group,-lxil,-lgcc,-lc,--end-group
Finished building target: uart_test1_app.elf
 
Invoking: MicroBlaze Print Size
mb-size uart_test1_app.elf  |tee "uart_test1_app.elf.size"
   text	   data	    bss	    dec	    hex	filename
   2360	    328	   3104	   5792	   16a0	uart_test1_app.elf
Finished building: uart_test1_app.elf.size
 

13:08:26 Build Finished (took 325ms)

