2025-05-04T00:10:50.00057200255-00:10:50 **** Clean-only build of project ads8681_platform ****
000-buildplatform.sh 46427 ads8681_platform clean 
000-XSDB Server Channel: tcfchan#5
000-Cleaning the BSP for domain  - standalone_domain
000-make -C microblaze_0/libsrc/bram_v4_10/src -s clean 
000-
000-make -C microblaze_0/libsrc/cpu_v2_18/src -s clean 
000-
000-make -C microblaze_0/libsrc/gpio_v4_11/src -s clean 
000-
000-make -C microblaze_0/libsrc/intc_v3_18/src -s clean 
000-
000-make -C microblaze_0/libsrc/spi_v4_12/src -s clean 
000-
000-make -C microblaze_0/libsrc/standalone_v9_1/src -s clean 
000-
000-make -C microblaze_0/libsrc/uartlite_v3_10/src -s clean 
000-
000-rm -f microblaze_0/lib/libxil.a
000-
00255-
00:10:55 Build Finished (took 5s.285ms)

